#-----------------------------------------------------------
# Vivado v2014.3 (64-bit)
# SW Build 1034051 on Fri Oct  3 16:32:59 MDT 2014
# IP Build 1028902 on Fri Sep 26 17:35:13 MDT 2014
# Start of session at: Sat Nov 22 14:29:50 2014
# Process ID: 11001
# Log file: /wrk/paeg/users/keshava/ultrascale/2014.3/release/package/kcu105_axis_dataplane/hardware/vivado/runs_2x10g/kcu105_axis_dataplane_2x10G/vivado.log
# Journal file: /wrk/paeg/users/keshava/ultrascale/2014.3/release/package/kcu105_axis_dataplane/hardware/vivado/runs_2x10g/kcu105_axis_dataplane_2x10G/vivado.jou
#-----------------------------------------------------------
source "/home/keshava/.Xilinx/Vivado/init.tcl"
start_gui
open_project kcu105_axis_dataplane_2x10G.xpr
open_bd_design {/wrk/paeg/users/keshava/ultrascale/2014.3/release/package/kcu105_axis_dataplane/hardware/vivado/runs_2x10g/kcu105_axis_dataplane_2x10G/kcu105_axis_dataplane_2x10G.srcs/sources_1/bd/kcu105_2x10G/kcu105_2x10G.bd}
report_ip_status -name ip_status 
upgrade_ip [get_ips  {kcu105_2x10G_hw_sgl_prepare_1_0 kcu105_2x10G_rx_interface_0_1 kcu105_2x10G_hw_sgl_prepare_0_0 kcu105_2x10G_rx_interface_0_0}]
report_ip_status -name ip_status 
write_bd_tcl 2_33pm.tcl
